node.exe : FAIL __tests__/profile.test.tsx
En línea: 1 Carácter: 1
+ & "C:\Program Files\nodejs/node.exe" 
"C:\Program Files\nodejs/node_mo ...
+ ~~~~~~~~~~~~~~~~~~~~~~~~~~~~~~~~~~~~~~~~~~~~~~
~~~~~~~~~~~~~~~~~~~~~~~
    + CategoryInfo          : NotSpecified: (FA 
   IL __tests__/profile.test.tsx:String) [], R  
  emoteException
    + FullyQualifiedErrorId : NativeCommandErro 
   r
 
  ÔùÅ Test suite failed to run

    Incorrect version of "react-test-renderer" 
detected. Expected "19.1.0", but found "19.2.4".

    Fix it by running:
    npm install -D react-test-renderer@19.1.0

    [0m[31m[1m>[22m[39m[90m 1 |[39m 
[36mimport[39m { render } [36mfrom[39m [32m
'@testing-library/react-native'[39m[33m;[39m
     [90m   |[39m [31m[1m^[22m[39m
     [90m 2 |[39m [36mimport[39m 
[33mReact[39m [36mfrom[39m 
[32m'react'[39m[33m;[39m
     [90m 3 |[39m [36mimport[39m 
[33mProfileScreen[39m [36mfrom[39m 
[32m'../app/(tabs)/profile'[39m[33m;[39m
     [90m 4 |[39m[0m

      at Object.ensurePeerDeps (node_modules/@te
sting-library/react-native/src/helpers/ensure-pe
er-deps.ts:36:3)
      at Object.require (node_modules/@testing-l
ibrary/react-native/src/index.ts:1:1)
      at Object.require 
(__tests__/profile.test.tsx:1:1)

Test Suites: 1 failed, 1 total
Tests:       0 total
Snapshots:   0 total
Time:        0.932 s
Ran all test suites.
